<html>
<body>
<pre>
<h1>µVision Build Log</h1>
<h2>Tool Versions:</h2>
IDE-Version: µVision V5.31.0.0
Copyright (C) 2020 ARM Ltd and ARM Germany GmbH. All rights reserved.
License Information: leon frenea, polytech, LIC=----
 
Tool Versions:
Toolchain:       MDK-Lite  Version: 5.31.0.0
Toolchain Path:  C:\Keil_v5\ARM\ARMCLANG\Bin
C Compiler:      ArmClang.exe V6.14
Assembler:       Armasm.exe V6.14
Linker/Locator:  ArmLink.exe V6.14
Library Manager: ArmAr.exe V6.14
Hex Converter:   FromElf.exe V6.14
CPU DLL:         SARMCM3.DLL V5.31.0.0
Dialog DLL:      DCM.DLL V1.17.3.0
Target DLL:      STLink\ST-LINKIII-KEIL_SWO.dll V3.0.7.0
Dialog DLL:      TCM.DLL V1.46.0.0
 
<h2>Project:</h2>
C:\Users\leonf\Desktop\ProjetElec (1)\ProjetElec\ArmoirSecu.uvprojx
Project File Date:  01/30/2026

<h2>Output:</h2>
*** Using Compiler 'V6.14', folder: 'C:\Keil_v5\ARM\ARMCLANG\Bin'
Rebuild target 'Target 1'
cable.c(1): warning: In file included from...
./cable.h(3): warning: In file included from...
./bsp.h(25): warning: no newline at end of file [-Wnewline-eof]
#endif
      ^
cable.c(1): warning: In file included from...
./cable.h(18): warning: no newline at end of file [-Wnewline-eof]
#endif
      ^
cable.c(2): warning: In file included from...
./utils.h(12): warning: no newline at end of file [-Wnewline-eof]
#endif
      ^
cable.c(10): warning: implicit conversion changes signedness: 'int' to 'unsigned int' [-Wsign-conversion]
    GPIOC->ODR = (GPIOC->ODR & ~0x07) | (channel & 0x07); 
                             ~ ^~~~~
cable.c(45): warning: implicit conversion changes signedness: 'int' to 'unsigned int' [-Wsign-conversion]
    GPIOC->CRL &= ~(0xFFF); 
               ~~ ^~~~~~~~
cable.c(101): warning: no newline at end of file [-Wnewline-eof]
}
 ^
6 warnings generated.
compiling cable.c...
uart.c(1): warning: In file included from...
./uart.h(9): warning: no newline at end of file [-Wnewline-eof]
#endif
      ^
uart.c(2): warning: In file included from...
./fifo.h(18): warning: no newline at end of file [-Wnewline-eof]
#endif
      ^
uart.c(13): warning: implicit conversion changes signedness: 'int' to 'unsigned int' [-Wsign-conversion]
    GPIOA->CRL &= ~(0xF << 8);
               ~~ ^~~~~~~~~~~
uart.c(17): warning: implicit conversion changes signedness: 'int' to 'unsigned int' [-Wsign-conversion]
    GPIOA->CRL &= ~(0xF << 12);
               ~~ ^~~~~~~~~~~~
uart.c(51): warning: implicit conversion loses integer precision: 'unsigned int' to 'uint8_t' (aka 'unsigned char') [-Wimplicit-int-conversion]
    UART2_SendBytes((uint8_t*)str, strlen(str));
    ~~~~~~~~~~~~~~~                ^~~~~~~~~~~
uart.c(68): warning: no newline at end of file [-Wnewline-eof]
}
 ^
uart.c(55): warning: no previous prototype for function 'USART2_IRQHandler' [-Wmissing-prototypes]
void USART2_IRQHandler(void) {
     ^
uart.c(55): note: declare 'static' if the function is not intended to be used outside of this translation unit
void USART2_IRQHandler(void) {
^
static 
7 warnings generated.
compiling uart.c...
main.c(2): warning: In file included from...
./bsp.h(25): warning: no newline at end of file [-Wnewline-eof]
#endif
      ^
main.c(3): warning: In file included from...
./utils.h(12): warning: no newline at end of file [-Wnewline-eof]
#endif
      ^
main.c(4): warning: In file included from...
./rfid.h(9): warning: no newline at end of file [-Wnewline-eof]
#endif
      ^
main.c(5): warning: In file included from...
./cable.h(18): warning: no newline at end of file [-Wnewline-eof]
#endif
      ^
main.c(6): warning: In file included from...
./adxl.h(14): warning: no newline at end of file [-Wnewline-eof]
#endif
      ^
main.c(7): warning: In file included from...
./servo.h(9): warning: no newline at end of file [-Wnewline-eof]
#endif
      ^
main.c(8): warning: In file included from...
./uart.h(9): warning: no newline at end of file [-Wnewline-eof]
#endif
      ^
main.c(21): warning: no previous extern declaration for non-static variable 'current_state' [-Wmissing-variable-declarations]
SystemState current_state = STATE_LOCKED;
            ^
main.c(21): note: declare 'static' if the variable is not intended to be used outside of this translation unit
SystemState current_state = STATE_LOCKED;
^
main.c(22): warning: no previous extern declaration for non-static variable 'current_user_id' [-Wmissing-variable-declarations]
uint64_t current_user_id = 0;
         ^
main.c(22): note: declare 'static' if the variable is not intended to be used outside of this translation unit
uint64_t current_user_id = 0;
^
main.c(30): warning: no previous extern declaration for non-static variable 'AUTHORIZED_BADGES' [-Wmissing-variable-declarations]
const uint64_t AUTHORIZED_BADGES[] = {
               ^
main.c(30): note: declare 'static' if the variable is not intended to be used outside of this translation unit
const uint64_t AUTHORIZED_BADGES[] = {
      ^
main.c(42): warning: no previous prototype for function 'Is_Badge_Authorized' [-Wmissing-prototypes]
uint8_t Is_Badge_Authorized(uint64_t id_to_check) {
        ^
main.c(42): note: declare 'static' if the function is not intended to be used outside of this translation unit
uint8_t Is_Badge_Authorized(uint64_t id_to_check) {
^
static 
main.c(43): warning: comparison of integers of different signs: 'int' and 'unsigned int' [-Wsign-compare]
    for (int i = 0; i < BADGE_COUNT; i++) {
                    ~ ^ ~~~~~~~~~~~
main.c(53): warning: no previous prototype for function 'Send_Inventory_Packet' [-Wmissing-prototypes]
void Send_Inventory_Packet(uint64_t id, uint8_t is_opening, Inventory_t *inv) {
     ^
main.c(53): note: declare 'static' if the function is not intended to be used outside of this translation unit
void Send_Inventory_Packet(uint64_t id, uint8_t is_opening, Inventory_t *inv) {
^
static 
main.c(178): warning: no newline at end of file [-Wnewline-eof]
}
 ^
14 warnings generated.
compiling main.c...
utils.c(1): warning: In file included from...
./utils.h(3): warning: In file included from...
./bsp.h(25): warning: no newline at end of file [-Wnewline-eof]
#endif
      ^
utils.c(1): warning: In file included from...
./utils.h(12): warning: no newline at end of file [-Wnewline-eof]
#endif
      ^
utils.c(41): warning: no newline at end of file [-Wnewline-eof]
}
 ^
3 warnings generated.
compiling utils.c...
fifo.c(1): warning: In file included from...
./fifo.h(18): warning: no newline at end of file [-Wnewline-eof]
#endif
      ^
fifo.c(27): warning: no newline at end of file [-Wnewline-eof]
}
 ^
2 warnings generated.
compiling fifo.c...
servo.c(1): warning: In file included from...
./servo.h(3): warning: In file included from...
./bsp.h(25): warning: no newline at end of file [-Wnewline-eof]
#endif
      ^
servo.c(1): warning: In file included from...
./servo.h(9): warning: no newline at end of file [-Wnewline-eof]
#endif
      ^
servo.c(22): warning: no newline at end of file [-Wnewline-eof]
void Servo_Close(void) { TIM4->CCR1 = SERVO_POS_CLOSE; }
                                                        ^
3 warnings generated.
compiling servo.c...
adxl.c(1): warning: In file included from...
./adxl.h(3): warning: In file included from...
./bsp.h(25): warning: no newline at end of file [-Wnewline-eof]
#endif
      ^
adxl.c(1): warning: In file included from...
./adxl.h(14): warning: no newline at end of file [-Wnewline-eof]
#endif
      ^
adxl.c(7): warning: implicit conversion loses integer precision: 'volatile uint16_t' (aka 'volatile unsigned short') to 'uint8_t' (aka 'unsigned char') [-Wimplicit-int-conversion]
    return SPI1->DR;
    ~~~~~~ ~~~~~~^~
adxl.c(57): warning: no newline at end of file [-Wnewline-eof]
}
 ^
4 warnings generated.
compiling adxl.c...
rfid.c(124): warning: In file included from...
./rfid.h(3): warning: In file included from...
./bsp.h(25): warning: no newline at end of file [-Wnewline-eof]
#endif
      ^
rfid.c(124): warning: In file included from...
./rfid.h(9): warning: no newline at end of file [-Wnewline-eof]
#endif
      ^
rfid.c(125): warning: In file included from...
./adxl.h(14): warning: no newline at end of file [-Wnewline-eof]
#endif
      ^
rfid.c(126): warning: In file included from...
./utils.h(12): warning: no newline at end of file [-Wnewline-eof]
#endif
      ^
rfid.c(127): warning: In file included from...
./cable.h(18): warning: no newline at end of file [-Wnewline-eof]
#endif
      ^
5 warnings generated.
compiling rfid.c...
assembling startup_stm32f10x_md.s...
RTE/Device/STM32F103RB/system_stm32f10x.c(166): warning: no previous extern declaration for non-static variable 'AHBPrescTable' [-Wmissing-variable-declarations]
__I uint8_t AHBPrescTable[16] = {0, 0, 0, 0, 0, 0, 0, 0, 1, 2, 3, 4, 6, 7, 8, 9};
            ^
RTE/Device/STM32F103RB/system_stm32f10x.c(166): note: declare 'static' if the variable is not intended to be used outside of this translation unit
__I uint8_t AHBPrescTable[16] = {0, 0, 0, 0, 0, 0, 0, 0, 1, 2, 3, 4, 6, 7, 8, 9};
    ^
1 warning generated.
compiling system_stm32f10x.c...
linking...
Program Size: Code=2732 RO-data=284 RW-data=0 ZI-data=1720  
".\Objects\ArmoirSecu.axf" - 0 Error(s), 45 Warning(s).

<h2>Software Packages used:</h2>

Package Vendor: ARM
                https://www.keil.com/pack/ARM.CMSIS.6.1.0.pack
                ARM.CMSIS.6.1.0
                CMSIS (Common Microcontroller Software Interface Standard)
   * Component: CORE Version: 6.1.0

Package Vendor: Keil
                https://www.keil.com/pack/Keil.STM32F1xx_DFP.2.4.1.pack
                Keil.STM32F1xx_DFP.2.4.1
                STMicroelectronics STM32F1 Series Device Support, Drivers and Examples
   * Component: Startup Version: 1.0.0

<h2>Collection of Component include folders:</h2>
  .\RTE\Device\STM32F103RB
  .\RTE\_Target_1
  C:\Users\leonf\AppData\Local\Arm\Packs\ARM\CMSIS\6.1.0\CMSIS\Core\Include
  C:\Users\leonf\AppData\Local\Arm\Packs\Keil\STM32F1xx_DFP\2.4.1\Device\Include

<h2>Collection of Component Files used:</h2>

   * Component: ARM::CMSIS:CORE:6.1.0

   * Component: Keil::Device:Startup:1.0.0
      Source file:   Device\Source\ARM\startup_stm32f10x_md.s
      Source file:   Device\Source\system_stm32f10x.c
      Include file:  RTE_Driver\Config\RTE_Device.h
      Source file:   Device\Source\ARM\STM32F1xx_OPT.s
Build Time Elapsed:  00:00:02
</pre>
</body>
</html>
